// Jest Snapshot v1, https://goo.gl/fbAQLP

exports[`Login renders Login correctly 1`] = `
<View
  accessibilityState={
    {
      "busy": undefined,
      "checked": undefined,
      "disabled": false,
      "expanded": undefined,
      "selected": undefined,
    }
  }
  accessibilityValue={
    {
      "max": undefined,
      "min": undefined,
      "now": undefined,
      "text": undefined,
    }
  }
  accessible={true}
  collapsable={false}
  focusable={true}
  onClick={[Function]}
  onResponderGrant={[Function]}
  onResponderMove={[Function]}
  onResponderRelease={[Function]}
  onResponderTerminate={[Function]}
  onResponderTerminationRequest={[Function]}
  onStartShouldSetResponder={[Function]}
  style={
    {
      "alignItems": "center",
      "backgroundColor": "#f0af0c",
      "borderRadius": 10,
      "margin": 20,
      "opacity": 1,
      "padding": 10,
      "width": "70%",
    }
  }
>
  <Text
    style={
      {
        "color": "white",
        "fontSize": 16,
        "fontWeight": "bold",
      }
    }
  >
    abc
  </Text>
</View>
`;
