// Jest Snapshot v1, https://goo.gl/fbAQLP

exports[`EmailInput Component Renders correctly 1`] = `
<View
  accessibilityState={
    {
      "busy": undefined,
      "checked": undefined,
      "disabled": undefined,
      "expanded": undefined,
      "selected": undefined,
    }
  }
  accessibilityValue={
    {
      "max": undefined,
      "min": undefined,
      "now": undefined,
      "text": undefined,
    }
  }
  accessible={true}
  collapsable={false}
  focusable={true}
  onBlur={[Function]}
  onClick={[Function]}
  onFocus={[Function]}
  onResponderGrant={[Function]}
  onResponderMove={[Function]}
  onResponderRelease={[Function]}
  onResponderTerminate={[Function]}
  onResponderTerminationRequest={[Function]}
  onStartShouldSetResponder={[Function]}
  style={
    [
      {
        "alignItems": "center",
        "borderRadius": 10,
        "borderWidth": 1,
        "flexDirection": "row",
        "marginBottom": 10,
        "marginTop": 20,
        "paddingHorizontal": 10,
        "width": "70%",
      },
      {
        "borderColor": undefined,
      },
    ]
  }
  testID="email-open-button"
>
  <Text
    allowFontScaling={false}
    selectable={false}
    style={
      [
        {
          "color": "white",
          "fontSize": 18,
        },
        undefined,
        {
          "fontFamily": "Fontisto",
          "fontStyle": "normal",
          "fontWeight": "normal",
        },
        {},
      ]
    }
  >
    î¦¢
  </Text>
  <TextInput
    editable={false}
    placeholder="login.email"
    placeholderTextColor="grey"
    pointerEvents="none"
    style={
      {
        "color": "white",
        "flex": 1,
        "overflow": "hidden",
        "padding": 10,
        "textAlign": "left",
      }
    }
  />
</View>
`;
