// Jest Snapshot v1, https://goo.gl/fbAQLP

exports[`Header Component Renders correctly 1`] = `
<View
  style={
    {
      "alignItems": "center",
      "flexDirection": "row",
      "height": 50,
      "paddingHorizontal": 10,
    }
  }
>
  <View
    accessibilityState={
      {
        "busy": undefined,
        "checked": undefined,
        "disabled": undefined,
        "expanded": undefined,
        "selected": undefined,
      }
    }
    accessibilityValue={
      {
        "max": undefined,
        "min": undefined,
        "now": undefined,
        "text": undefined,
      }
    }
    accessible={true}
    collapsable={false}
    focusable={true}
    onBlur={[Function]}
    onClick={[Function]}
    onFocus={[Function]}
    onResponderGrant={[Function]}
    onResponderMove={[Function]}
    onResponderRelease={[Function]}
    onResponderTerminate={[Function]}
    onResponderTerminationRequest={[Function]}
    onStartShouldSetResponder={[Function]}
    style={
      {
        "alignItems": "flex-start",
        "flex": 0.2,
      }
    }
  >
    <Text
      allowFontScaling={false}
      selectable={false}
      style={
        [
          {
            "color": undefined,
            "fontSize": 30,
          },
          undefined,
          {
            "fontFamily": "Ionicons",
            "fontStyle": "normal",
            "fontWeight": "normal",
          },
          {},
        ]
      }
    >
      îµ’
    </Text>
  </View>
  <View
    style={
      {
        "alignItems": "center",
        "flex": 0.6,
      }
    }
  >
    <Text
      style={
        [
          {
            "fontSize": 18,
            "fontWeight": "bold",
            "letterSpacing": 0.2,
          },
          {
            "color": undefined,
          },
        ]
      }
    >
      Popular Movies
    </Text>
  </View>
  <View
    style={
      {
        "flex": 0.2,
      }
    }
  />
</View>
`;
