// Jest Snapshot v1, https://goo.gl/fbAQLP

exports[`Home component Renders Home correctly 1`] = `
<View
  style={
    [
      {
        "flex": 1,
      },
      {
        "borderRadius": undefined,
        "overflow": "hidden",
        "transform": [
          {
            "scale": undefined,
          },
        ],
      },
    ]
  }
>
  <RCTSafeAreaView
    style={
      [
        {
          "flex": 1,
        },
        {
          "backgroundColor": undefined,
        },
      ]
    }
  >
    <View
      style={
        {
          "alignItems": "center",
          "flexDirection": "row",
          "height": 50,
          "paddingHorizontal": 10,
        }
      }
    >
      <View
        accessibilityState={
          {
            "busy": undefined,
            "checked": undefined,
            "disabled": undefined,
            "expanded": undefined,
            "selected": undefined,
          }
        }
        accessibilityValue={
          {
            "max": undefined,
            "min": undefined,
            "now": undefined,
            "text": undefined,
          }
        }
        accessible={true}
        collapsable={false}
        focusable={true}
        onBlur={[Function]}
        onClick={[Function]}
        onFocus={[Function]}
        onResponderGrant={[Function]}
        onResponderMove={[Function]}
        onResponderRelease={[Function]}
        onResponderTerminate={[Function]}
        onResponderTerminationRequest={[Function]}
        onStartShouldSetResponder={[Function]}
        style={
          {
            "alignItems": "flex-start",
            "flex": 0.2,
          }
        }
      >
        <Text
          allowFontScaling={false}
          selectable={false}
          style={
            [
              {
                "color": undefined,
                "fontSize": 30,
              },
              undefined,
              {
                "fontFamily": "Ionicons",
                "fontStyle": "normal",
                "fontWeight": "normal",
              },
              {},
            ]
          }
        >
          îµ’
        </Text>
      </View>
      <View
        style={
          {
            "alignItems": "center",
            "flex": 0.6,
          }
        }
      >
        <Text
          style={
            [
              {
                "fontSize": 18,
                "fontWeight": "bold",
                "letterSpacing": 0.2,
              },
              {
                "color": undefined,
              },
            ]
          }
        >
          home.popularMovies
        </Text>
      </View>
      <View
        style={
          {
            "flex": 0.2,
          }
        }
      />
    </View>
    <RCTScrollView
      ListFooterComponent={[Function]}
      bounces={false}
      data={[]}
      getItem={[Function]}
      getItemCount={[Function]}
      initialNumToRender={20}
      keyExtractor={[Function]}
      maxToRenderPerBatch={10}
      onContentSizeChange={[Function]}
      onEndReached={[Function]}
      onEndReachedThreshold={0.5}
      onLayout={[Function]}
      onMomentumScrollBegin={[Function]}
      onMomentumScrollEnd={[Function]}
      onScroll={[Function]}
      onScrollBeginDrag={[Function]}
      onScrollEndDrag={[Function]}
      removeClippedSubviews={true}
      renderItem={[Function]}
      scrollEventThrottle={0.0001}
      showsVerticalScrollIndicator={false}
      stickyHeaderIndices={[]}
      viewabilityConfigCallbackPairs={[]}
    >
      <View>
        <View
          onLayout={[Function]}
        >
          <View />
        </View>
      </View>
    </RCTScrollView>
  </RCTSafeAreaView>
</View>
`;
