// Jest Snapshot v1, https://goo.gl/fbAQLP

exports[`Login renders Login correctly 1`] = `
<View
  accessibilityIgnoresInvertColors={true}
  style={
    [
      "flex-1 bg-opacity-5",
      {
        "backgroundColor": "#000",
      },
    ]
  }
>
  <Image
    source={
      {
        "testUri": "../../../src/assets/loginbg.png",
      }
    }
    style={
      [
        {
          "bottom": 0,
          "left": 0,
          "position": "absolute",
          "right": 0,
          "top": 0,
        },
        {
          "height": undefined,
          "width": undefined,
        },
        undefined,
      ]
    }
  />
  <BlurView
    blurAmount={1}
    blurType="light"
    reducedTransparencyFallbackColor="white"
    style={
      [
        {
          "backgroundColor": "transparent",
        },
        "absolute top-0 bottom-0 right-0 left-0",
      ]
    }
  />
  <View
    accessibilityState={
      {
        "busy": undefined,
        "checked": undefined,
        "disabled": undefined,
        "expanded": undefined,
        "selected": undefined,
      }
    }
    accessibilityValue={
      {
        "max": undefined,
        "min": undefined,
        "now": undefined,
        "text": undefined,
      }
    }
    accessible={true}
    collapsable={false}
    focusable={true}
    onBlur={[Function]}
    onClick={[Function]}
    onFocus={[Function]}
    onResponderGrant={[Function]}
    onResponderMove={[Function]}
    onResponderRelease={[Function]}
    onResponderTerminate={[Function]}
    onResponderTerminationRequest={[Function]}
    onStartShouldSetResponder={[Function]}
    style={
      [
        {
          "position": "absolute",
          "right": 15,
          "zIndex": 1,
        },
        {
          "top": 10,
        },
      ]
    }
  >
    <Text
      style={
        {
          "color": "black",
          "fontSize": 20,
          "fontWeight": "bold",
        }
      }
    >
      AR
    </Text>
  </View>
  <View
    style={
      {
        "alignItems": "center",
        "flex": 1,
        "justifyContent": "center",
      }
    }
  >
    <Image
      source={
        {
          "testUri": "../../../src/assets/applogo.png",
        }
      }
      style={
        {
          "height": 100,
          "width": 100,
        }
      }
    />
    <Text
      style={
        [
          "font-bold text-lg text-center",
          {
            "color": "#f0af0cfd",
          },
        ]
      }
    >
      THE MOVIE APP
    </Text>
    <View
      accessibilityState={
        {
          "busy": undefined,
          "checked": undefined,
          "disabled": undefined,
          "expanded": undefined,
          "selected": undefined,
        }
      }
      accessibilityValue={
        {
          "max": undefined,
          "min": undefined,
          "now": undefined,
          "text": undefined,
        }
      }
      accessible={true}
      collapsable={false}
      focusable={true}
      onBlur={[Function]}
      onClick={[Function]}
      onFocus={[Function]}
      onResponderGrant={[Function]}
      onResponderMove={[Function]}
      onResponderRelease={[Function]}
      onResponderTerminate={[Function]}
      onResponderTerminationRequest={[Function]}
      onStartShouldSetResponder={[Function]}
      style={
        [
          {
            "alignItems": "center",
            "borderRadius": 10,
            "borderWidth": 1,
            "flexDirection": "row",
            "marginBottom": 10,
            "marginTop": 20,
            "paddingHorizontal": 10,
            "width": "70%",
          },
          {
            "borderColor": undefined,
          },
        ]
      }
      testID="email-open-button"
    >
      <Text
        allowFontScaling={false}
        selectable={false}
        style={
          [
            {
              "color": "white",
              "fontSize": 18,
            },
            undefined,
            {
              "fontFamily": "Fontisto",
              "fontStyle": "normal",
              "fontWeight": "normal",
            },
            {},
          ]
        }
      >
        
      </Text>
      <TextInput
        editable={false}
        placeholder="login.email"
        placeholderTextColor="grey"
        pointerEvents="none"
        style={
          {
            "color": "white",
            "flex": 1,
            "overflow": "hidden",
            "padding": 10,
            "textAlign": "left",
          }
        }
        value=""
      />
    </View>
    <View
      accessibilityState={
        {
          "busy": undefined,
          "checked": undefined,
          "disabled": undefined,
          "expanded": undefined,
          "selected": undefined,
        }
      }
      accessibilityValue={
        {
          "max": undefined,
          "min": undefined,
          "now": undefined,
          "text": undefined,
        }
      }
      accessible={true}
      collapsable={false}
      focusable={true}
      onBlur={[Function]}
      onClick={[Function]}
      onFocus={[Function]}
      onResponderGrant={[Function]}
      onResponderMove={[Function]}
      onResponderRelease={[Function]}
      onResponderTerminate={[Function]}
      onResponderTerminationRequest={[Function]}
      onStartShouldSetResponder={[Function]}
      style={
        [
          {
            "alignItems": "center",
            "borderRadius": 10,
            "borderWidth": 1,
            "flexDirection": "row",
            "marginBottom": 10,
            "marginTop": 20,
            "paddingHorizontal": 10,
            "width": "70%",
            "zIndex": 2,
          },
          {
            "borderColor": undefined,
          },
        ]
      }
      testID="password-open-button"
    >
      <Text
        allowFontScaling={false}
        selectable={false}
        style={
          [
            {
              "color": "white",
              "fontSize": 18,
            },
            undefined,
            {
              "fontFamily": "Feather",
              "fontStyle": "normal",
              "fontWeight": "normal",
            },
            {},
          ]
        }
      >
        
      </Text>
      <TextInput
        editable={false}
        placeholder="login.password"
        placeholderTextColor="grey"
        pointerEvents="none"
        secureTextEntry={true}
        style={
          {
            "color": "white",
            "flex": 1,
            "overflow": "hidden",
            "padding": 10,
            "textAlign": "left",
          }
        }
        value=""
      />
    </View>
    <View
      accessibilityState={
        {
          "busy": undefined,
          "checked": undefined,
          "disabled": true,
          "expanded": undefined,
          "selected": undefined,
        }
      }
      accessibilityValue={
        {
          "max": undefined,
          "min": undefined,
          "now": undefined,
          "text": undefined,
        }
      }
      accessible={true}
      collapsable={false}
      focusable={true}
      onClick={[Function]}
      onResponderGrant={[Function]}
      onResponderMove={[Function]}
      onResponderRelease={[Function]}
      onResponderTerminate={[Function]}
      onResponderTerminationRequest={[Function]}
      onStartShouldSetResponder={[Function]}
      style={
        {
          "alignItems": "center",
          "backgroundColor": "#868583",
          "borderRadius": 10,
          "margin": 20,
          "opacity": 1,
          "padding": 10,
          "width": "70%",
        }
      }
    >
      <Text
        style={
          {
            "color": "white",
            "fontSize": 16,
            "fontWeight": "bold",
          }
        }
      >
        login.loginBtn
      </Text>
    </View>
  </View>
</View>
`;
